{
    "Background": 7311176,
    "Left-Accumbens-area": 371,
    "Left-Amygdala": 789,
    "Left-Caudate": 2743,
    "Left-Hippocampus": 1888,
    "Left-Pallidum": 632,
    "Left-Putamen": 2282,
    "Left-Thalamus-Proper": 6716,
    "Right-Accumbens-area": 256,
    "Right-Amygdala": 479,
    "Right-Caudate": 1865,
    "Right-Hippocampus": 2088,
    "Right-Pallidum": 884,
    "Right-Putamen": 2144,
    "Right-Thalamus-Proper": 5719,
    "csf": [
        111064.0,
        155489.59375
    ],
    "gray": [
        533180.0,
        746452.0
    ],
    "white": [
        404124.0,
        565773.5625
    ]
}