{
    "Background": 11491788,
    "Left-Accumbens-area": 244,
    "Left-Amygdala": 659,
    "Left-Caudate": 3769,
    "Left-Hippocampus": 2911,
    "Left-Pallidum": 1898,
    "Left-Putamen": 4460,
    "Left-Thalamus-Proper": 7238,
    "Right-Accumbens-area": 189,
    "Right-Amygdala": 1071,
    "Right-Caudate": 3517,
    "Right-Hippocampus": 2721,
    "Right-Pallidum": 1921,
    "Right-Putamen": 4800,
    "Right-Thalamus-Proper": 7150,
    "csf": [
        275326.0,
        275326.0
    ],
    "gray": [
        774960.0,
        774960.0
    ],
    "white": [
        560805.0,
        560805.0
    ]
}