{
    "Background": 6913446,
    "Left-Accumbens-area": 300,
    "Left-Amygdala": 674,
    "Left-Caudate": 3026,
    "Left-Hippocampus": 2049,
    "Left-Pallidum": 1078,
    "Left-Putamen": 2570,
    "Left-Thalamus-Proper": 6344,
    "Right-Accumbens-area": 337,
    "Right-Amygdala": 847,
    "Right-Caudate": 2384,
    "Right-Hippocampus": 2570,
    "Right-Pallidum": 1169,
    "Right-Putamen": 3971,
    "Right-Thalamus-Proper": 6051,
    "csf": [
        127872.0,
        179020.796875
    ],
    "gray": [
        468800.0,
        656320.0
    ],
    "white": [
        374512.0,
        524316.8125
    ]
}